[
  {
    "version": "v2",
    "path": "/transactions",
    "method": "get",
    "query_string": "/{{.Address}}",
    "http_code": 200,
    "body": {}
  },
  {
    "version": "v2",
    "path": "/staking/validators",
    "method": "get",
    "query_string": "",
    "http_code": 200,
    "body": {}
  },
  {
    "version": "v2",
    "path": "/collections",
    "method": "get",
    "query_string": "/{{.Address}}",
    "http_code": 200,
    "body": {}
  },
  {
    "version": "v2",
    "path": "/tokens",
    "method": "get",
    "query_string": "/{{.Address}}",
    "http_code": 200,
    "body": {}
  }
]




